// Jest Snapshot v1, https://goo.gl/fbAQLP

exports[`NewsSearchContainer should display a list of news articles 1`] = `Promise {}`;
